// Jest Snapshot v1, https://goo.gl/fbAQLP

exports[`Media upload component snapshot testing should render the component 1`] = `
<Fragment>
  <HelmetWrapper
    defer={true}
    encodeSpecialCharacters={true}
    title="Upload Medium"
  />
  <UppyUploader
    onUpload={[Function]}
  />
</Fragment>
`;
