// Jest Snapshot v1, https://goo.gl/fbAQLP

exports[`MenuField component snapshot testing should render the component 1`] = `
<SizeContextProvider>
  <ContextProvider
    value={
      Object {
        "colon": undefined,
        "itemRef": [Function],
        "labelAlign": undefined,
        "labelCol": undefined,
        "name": undefined,
        "requiredMark": true,
        "vertical": false,
        "wrapperCol": undefined,
      }
    }
  >
    <ForwardRef(Form)
      className="ant-form ant-form-horizontal"
      form={
        Object {
          "__INTERNAL__": Object {
            "itemRef": [Function],
            "name": undefined,
          },
          "getFieldError": [Function],
          "getFieldInstance": [Function],
          "getFieldValue": [Function],
          "getFieldsError": [Function],
          "getFieldsValue": [Function],
          "getInternalHooks": [Function],
          "isFieldTouched": [Function],
          "isFieldValidating": [Function],
          "isFieldsTouched": [Function],
          "isFieldsValidating": [Function],
          "resetFields": [Function],
          "scrollToField": [Function],
          "setFields": [Function],
          "setFieldsValue": [Function],
          "submit": [Function],
          "validateFields": [Function],
        }
      }
      onFinishFailed={[Function]}
    >
      <MenuField
        field={Array []}
      />
    </ForwardRef(Form)>
  </ContextProvider>
</SizeContextProvider>
`;
