// Jest Snapshot v1, https://goo.gl/fbAQLP

exports[`Page create component snapshot testing should render the component 1`] = `
<ContextProvider
  value={
    Object {
      "store": Object {
        "clearActions": [Function],
        "dispatch": [MockFunction],
        "getActions": [Function],
        "getState": [Function],
        "replaceReducer": [Function],
        "subscribe": [Function],
      },
      "subscription": Subscription {
        "handleChangeWrapper": [Function],
        "listeners": Object {
          "notify": [Function],
        },
        "onStateChange": [Function],
        "parentSub": undefined,
        "store": Object {
          "clearActions": [Function],
          "dispatch": [MockFunction],
          "getActions": [Function],
          "getState": [Function],
          "replaceReducer": [Function],
          "subscribe": [Function],
        },
        "unsubscribe": null,
      },
    }
  }
>
  <CreatePage
    formats={
      Object {
        "article": Object {
          "id": 1,
          "name": "article",
          "slug": "article",
        },
        "factcheck": Object {
          "id": 2,
          "name": "factcheck",
          "slug": "fact-check",
        },
        "loading": false,
      }
    }
  />
</ContextProvider>
`;
